// Jest Snapshot v1, https://goo.gl/fbAQLP

exports[`components <MapComponent /> renders correctly with defaults 1`] = `
<View
  style={Object {}}
>
  <View
    loadingEnabled={false}
    loadingIndicatorColor="#057dc2"
    maxZoomLevel={18}
    onMapReady={[Function]}
    onRegionChangeComplete={[Function]}
    provider=""
    showsBuildings={false}
    showsCompass={false}
    showsIndoors={false}
    showsMyLocationButton={false}
    showsUserLocation={true}
    style={
      Array [
        Object {},
        Object {
          "marginBottom": 1,
        },
      ]
    }
    toolbarEnabled={false}
    zoomEnabled={true}
  />
</View>
`;
