// Jest Snapshot v1, https://goo.gl/fbAQLP

exports[`components UserLocationButton should render self and subcomponents 1`] = `
<View
  style={
    Array [
      undefined,
      Object {
        "right": 0,
        "top": 20,
      },
    ]
  }
>
  <Button
    backgroundColor="transparent"
    color="#2f2f2f"
    iconName="dot-circle-o"
    onPress={[Function]}
    size={40}
  />
</View>
`;
